// Jest Snapshot v1, https://goo.gl/fbAQLP

exports[`ElkV3Factory #createPool gas 1`] = `4557092`;

exports[`ElkV3Factory factory bytecode size 1`] = `24535`;

exports[`ElkV3Factory pool bytecode size 1`] = `22142`;
